// Jest Snapshot v1, https://goo.gl/fbAQLP

exports[`render all 1`] = `
<div
  className="fr-row fr-no-gutters"
  data-testid={null}
  style={
    Object {
      "filter": undefined,
    }
  }
/>
`;
